// Jest Snapshot v1, https://goo.gl/fbAQLP

exports[`Integration test for App Renders App 1`] = `
Array [
  <nav>
    <p
      className="brandName"
    >
      Math Magicians
    </p>
    <ul>
      <li>
        <a
          aria-current="page"
          className="links active"
          href="/"
          onClick={[Function]}
        >
           Home 
        </a>
      </li>
      <li>
        <a
          className="links"
          href="/calculator"
          onClick={[Function]}
        >
           Calculator 
        </a>
      </li>
      <li>
        <a
          className="links"
          href="/quotes"
          onClick={[Function]}
        >
           Quotes 
        </a>
      </li>
    </ul>
  </nav>,
  <div
    className="Front"
  >
    <h1>
      Welcome to our page!
    </h1>
    <p>
      Lorem ipsum dolor sit amet, consectetur adipiscing elit. Maecenas sed ante vel enim molestie volutpat. Sed non lacus vel odio pretium sodales vitae id purus. Nulla facilisi. Ut porta fringilla ante, quis porta est sagittis eu. Nunc bibendum libero quis neque malesuada malesuada. Sed pellentesque auctor lacus a dictum. Proin blandit fermentum consectetur. Pellentesque molestie, nulla quis lacinia placerat, lectus elit pharetra mi, eu hendrerit ante ante eu felis. Nulla laoreet, tortor in placerat bibendum, dui purus semper augue, ut faucibus libero magna id tellus.
    </p>
    <p>
      Vestibulum at velit in neque finibus pellentesque. Donec sodales eget turpis in condimentum. Aenean malesuada erat odio, non venenatis ligula vulputate eget. Sed viverra nisl in libero bibendum vehicula. In bibendum metus et magna placerat ornare. Sed porttitor bibendum risus, nec tristique tortor tincidunt in. Nam nibh erat, finibus et pellentesque non, ultricies eget nisi. Nunc luctus vulputate urna, at tincidunt libero.
    </p>
  </div>,
]
`;
